Microchip MPLAB XC8 Compiler V2.00 ()

Linker command line:

-W-3 --edf=C:\Program Files (x86)\Microchip\xc8\v2.00\pic\dat\en_msgs.txt \
  -cs -h+dist/default/production\partidaETCdisp.X.production.sym \
  --cmf=dist/default/production\partidaETCdisp.X.production.cmf -z -Q16F887 \
  -oC:\Users\20185147\AppData\Local\Temp\s5n0.2 \
  -Mdist/default/production/partidaETCdisp.X.production.map -E1 -ver=XC8 \
  --acfsm=1493 -ASTACK=0110h-016fh -pstack=STACK -ACODE=00h-07FFhx4 \
  -ASTRCODE=00h-01FFFh -ASTRING=00h-0FFhx32 -ACONST=00h-0FFhx32 \
  -AENTRY=00h-0FFhx32 -ACOMMON=070h-07Fh -ABANK0=020h-06Fh \
  -ABANK1=0A0h-0EFh -ABANK2=0110h-016Fh -ABANK3=0190h-01EFh \
  -ARAM=020h-06Fh,0A0h-0EFh,0110h-016Fh,0190h-01EFh \
  -AABS1=020h-07Fh,0A0h-0EFh,0110h-016Fh,0190h-01EFh -ASFR0=00h-01Fh \
  -ASFR1=080h-09Fh -ASFR2=0100h-010Fh -ASFR3=0180h-018Fh \
  -preset_vec=00h,intentry,init,end_init -ppowerup=CODE -pcinit=CODE \
  -pfunctab=ENTRY -ACONFIG=02007h-02008h -pconfig=CONFIG -DCONFIG=2 \
  -AIDLOC=02000h-02003h -pidloc=IDLOC -DIDLOC=2 -AEEDATA=00h-0FFh/02100h \
  -peeprom_data=EEDATA -DEEDATA=2 -DCODE=2 -DSTRCODE=2 -DSTRING=2 -DCONST=2 \
  -DENTRY=2 -k C:\Users\20185147\AppData\Local\Temp\s5n0.o \
  dist/default/production\partidaETCdisp.X.production.o 

Object code version is 3.11

Machine type is 16F887



                Name                               Link     Load   Length Selector   Space Scale
C:\Users\20185147\AppData\Local\Temp\s5n0.o
                end_init                              0        0        3        0       0
                config                             2007     2007        2     400E       0
dist/default/production\partidaETCdisp.X.production.o
                cinit                               7EE      7EE       12      FDC       0
                text10                              637      637        5      C6E       0
                text9                               667      667        B      CCE       0
                text8                               6AD      6AD       17      D5A       0
                text7                               654      654        9      CA8       0
                text6                               65D      65D        A      CBA       0
                text5                               63C      63C        8      C78       0
                text4                               644      644        8      C88       0
                text3                               64C      64C        8      C98       0
                text2                               672      672        C      CE4       0
                text1                               67E      67E        C      CFC       0
                maintext                            6C4      6C4      12A      D88       0
                cstackCOMMON                         70       70        A       70       1
                inittext                            69A      69A       13      D34       0
                dataBANK0                            20       20       10       20       1
                idataBANK0                          68A      68A       10      D14       0

TOTAL           Name                               Link     Load   Length     Space
        CLASS   STACK          

        CLASS   CODE           
                end_init                              0        0        3         0
                cinit                               7EE      7EE       12         0
                text10                              637      637        5         0
                text9                               667      667        B         0
                text8                               6AD      6AD       17         0
                text7                               654      654        9         0
                text6                               65D      65D        A         0
                text5                               63C      63C        8         0
                text4                               644      644        8         0
                text3                               64C      64C        8         0
                text2                               672      672        C         0
                text1                               67E      67E        C         0
                maintext                            6C4      6C4      12A         0
                inittext                            69A      69A       13         0
                idataBANK0                          68A      68A       10         0

        CLASS   STRCODE        

        CLASS   STRING         

        CLASS   CONST          

        CLASS   ENTRY          

        CLASS   COMMON         
                cstackCOMMON                         70       70        A         1

        CLASS   BANK0          
                dataBANK0                            20       20       10         1

        CLASS   BANK1          

        CLASS   BANK2          

        CLASS   BANK3          

        CLASS   RAM            

        CLASS   ABS1           
                abs_s1                               7E       7E        2         1

        CLASS   SFR0           

        CLASS   SFR1           

        CLASS   SFR2           

        CLASS   SFR3           

        CLASS   CONFIG         
                config                             2007     2007        2         0

        CLASS   IDLOC          

        CLASS   EEDATA         



SEGMENTS        Name                           Load    Length   Top    Selector   Space  Class     Delta

                reset_vec                      000000  000003  000003         0       0  CODE        2
                dataBANK0                      000020  000010  000030        20       1  BANK0       1
                cstackCOMMON                   000070  00000A  00007A        70       1  COMMON      1
                text10                         000637  000005  00063C       C6E       0  CODE        2
                text5                          00063C  000008  000644       C78       0  CODE        2
                text4                          000644  000008  00064C       C88       0  CODE        2
                text3                          00064C  000008  000654       C98       0  CODE        2
                text7                          000654  000009  00065D       CA8       0  CODE        2
                text6                          00065D  00000A  000667       CBA       0  CODE        2
                text9                          000667  00000B  000672       CCE       0  CODE        2
                text2                          000672  00000C  00067E       CE4       0  CODE        2
                text1                          00067E  00000C  00068A       CFC       0  CODE        2
                idataBANK0                     00068A  000010  00069A       D14       0  CODE        2
                inittext                       00069A  000013  0006AD       D34       0  CODE        2
                text8                          0006AD  000017  0006C4       D5A       0  CODE        2
                maintext                       0006C4  00012A  0007EE       D88       0  CODE        2
                cinit                          0007EE  000012  000800       FDC       0  CODE        2
                config                         002007  000002  002009      400E       0  CONFIG      2


UNUSED ADDRESS RANGES

        Name                Unused          Largest block    Delta
        BANK0            0030-006F             40           1
        BANK1            00A0-00EF             50           1
        BANK2            0110-016F             60           1
        BANK3            0190-01EF             60           1
        CODE             0003-0636            634           2
                         0800-1FFF            800
        COMMON           007A-007D              4           1
        CONST            0003-0636            100           2
                         0800-1FFF            100
        EEDATA           2100-21FF            100           2
        ENTRY            0003-0636            100           2
                         0800-1FFF            100
        IDLOC            2000-2003              4           2
        RAM              0030-006F             40           1
                         00A0-00EF             50
                         0110-016F             60
                         0190-01EF             60
        SFR0             0000-001F             20           1
        SFR1             0080-009F             20           1
        SFR2             0100-010F             10           1
        SFR3             0180-018F             10           1
        STACK            0110-016F             60           1
        STRCODE          0003-0636            634           2
                         0800-1FFF           1800
        STRING           0003-0636            100           2
                         0800-1FFF            100

                                  Symbol Table

?_s0                       cstackCOMMON 0070
?_s1                       cstackCOMMON 0070
_ANSELH                    (abs)        0189
_PORTB                     (abs)        0006
_PORTDbits                 (abs)        0008
_TRISB                     (abs)        0086
_TRISDbits                 (abs)        0088
__CFG_BOR4V$BOR40V         (abs)        0000
__CFG_BOREN$OFF            (abs)        0000
__CFG_CP$OFF               (abs)        0000
__CFG_CPD$OFF              (abs)        0000
__CFG_FCMEN$OFF            (abs)        0000
__CFG_FOSC$INTRC_NOCLKOUT  (abs)        0000
__CFG_IESO$OFF             (abs)        0000
__CFG_LVP$OFF              (abs)        0000
__CFG_MCLRE$OFF            (abs)        0000
__CFG_PWRTE$OFF            (abs)        0000
__CFG_WDTE$OFF             (abs)        0000
__CFG_WRT$OFF              (abs)        0000
__Habs1                    abs1         0000
__Hbank0                   bank0        0000
__Hbank1                   bank1        0000
__Hbank2                   bank2        0000
__Hbank3                   bank3        0000
__Hcinit                   cinit        0800
__Hclrtext                 clrtext      0000
__Hcode                    code         0000
__Hcommon                  common       0000
__Hconfig                  config       2009
__HcstackCOMMON            cstackCOMMON 0000
__HdataBANK0               dataBANK0    0000
__Heeprom_data             eeprom_data  0000
__Hend_init                end_init     0003
__Hfunctab                 functab      0000
__HidataBANK0              idataBANK0   0000
__Hidloc                   idloc        0000
__Hinit                    init         0000
__Hinittext                inittext     0000
__Hintentry                intentry     0000
__Hmaintext                maintext     0000
__Hpowerup                 powerup      0000
__Hram                     ram          0000
__Hreset_vec               reset_vec    0000
__Hsfr0                    sfr0         0000
__Hsfr1                    sfr1         0000
__Hsfr2                    sfr2         0000
__Hsfr3                    sfr3         0000
__Hspace_0                 (abs)        2009
__Hspace_1                 (abs)        007A
__Hspace_2                 (abs)        0000
__Hspace_3                 (abs)        0000
__Hstack                   stack        0000
__Hstrings                 strings      0000
__Htext                    text         0000
__Labs1                    abs1         0000
__Lbank0                   bank0        0000
__Lbank1                   bank1        0000
__Lbank2                   bank2        0000
__Lbank3                   bank3        0000
__Lcinit                   cinit        07EE
__Lclrtext                 clrtext      0000
__Lcode                    code         0000
__Lcommon                  common       0000
__Lconfig                  config       2007
__LcstackCOMMON            cstackCOMMON 0000
__LdataBANK0               dataBANK0    0000
__Leeprom_data             eeprom_data  0000
__Lend_init                end_init     0000
__Lfunctab                 functab      0000
__LidataBANK0              idataBANK0   0000
__Lidloc                   idloc        0000
__Linit                    init         0000
__Linittext                inittext     0000
__Lintentry                intentry     0000
__Lmaintext                maintext     0000
__Lpowerup                 powerup      0000
__Lram                     ram          0000
__Lreset_vec               reset_vec    0000
__Lsfr0                    sfr0         0000
__Lsfr1                    sfr1         0000
__Lsfr2                    sfr2         0000
__Lsfr3                    sfr3         0000
__Lspace_0                 (abs)        0000
__Lspace_1                 (abs)        0000
__Lspace_2                 (abs)        0000
__Lspace_3                 (abs)        0000
__Lstack                   stack        0000
__Lstrings                 strings      0000
__Ltext                    text         0000
__S0                       (abs)        2009
__S1                       (abs)        007A
__S2                       (abs)        0000
__S3                       (abs)        0000
___int_sp                  stack        0000
___latbits                 (abs)        0002
___sp                      stack        0000
__end_of__initialization   cinit        07FC
__end_of_botao_init        text10       063C
__end_of_contatores_init   text9        0672
__end_of_delay             text8        06C4
__end_of_display7seg       text7        065D
__end_of_display7seg_init  text6        0667
__end_of_k1                text5        0644
__end_of_k2                text4        064C
__end_of_k3                text3        0654
__end_of_main              maintext     07EE
__end_of_s0                text2        067E
__end_of_s1                text1        068A
__initialization           cinit        07EE
__pcstackCOMMON            cstackCOMMON 0070
__pdataBANK0               dataBANK0    0020
__pidataBANK0              idataBANK0   068A
__pmaintext                maintext     06C4
__ptext1                   text1        067E
__ptext10                  text10       0637
__ptext2                   text2        0672
__ptext3                   text3        064C
__ptext4                   text4        0644
__ptext5                   text5        063C
__ptext6                   text6        065D
__ptext7                   text7        0654
__ptext8                   text8        06AD
__ptext9                   text9        0667
__size_of_botao_init       (abs)        0000
__size_of_contatores_init  (abs)        0000
__size_of_delay            (abs)        0000
__size_of_display7seg      (abs)        0000
__size_of_display7seg_init (abs)        0000
__size_of_k1               (abs)        0000
__size_of_k2               (abs)        0000
__size_of_k3               (abs)        0000
__size_of_main             (abs)        0000
__size_of_s0               (abs)        0000
__size_of_s1               (abs)        0000
_botao_init                text10       0637
_contatores_init           text9        0667
_delay                     text8        06AD
_display7seg               text7        0654
_display7seg_init          text6        065D
_k1                        text5        063C
_k2                        text4        0644
_k3                        text3        064C
_main                      maintext     06C4
_s0                        text2        0672
_s1                        text1        067E
_vetor                     dataBANK0    0020
btemp                      (abs)        007E
delay@t                    cstackCOMMON 0070
display7seg@c              cstackCOMMON 0070
end_of_initialization      cinit        07FC
init_fetch0                inittext     069A
init_ram0                  inittext     069E
intlevel0                  functab      0000
intlevel1                  functab      0000
intlevel2                  functab      0000
intlevel3                  functab      0000
intlevel4                  functab      0000
intlevel5                  functab      0000
k1@estado                  cstackCOMMON 0070
k2@estado                  cstackCOMMON 0070
k3@estado                  cstackCOMMON 0070
main@cont                  cstackCOMMON 0078
main@estado                cstackCOMMON 0079
main@t                     cstackCOMMON 0076
reset_vec                  reset_vec    0000
stackhi                    (abs)        0000
stacklo                    (abs)        0000
start                      init         0000
start_initialization       cinit        07EE
wtemp0                     (abs)        007E


FUNCTION INFORMATION:

 *************** function _main *****************
 Defined at:
		line 17 in file "main.c"
 Parameters:    Size  Location     Type
		None
 Auto vars:     Size  Location     Type
  t               2    6[COMMON] int 
  estado          1    9[COMMON] unsigned char 
  cont            1    8[COMMON] unsigned char 
 Return value:  Size  Location     Type
                  1    wreg      void 
 Registers used:
		wreg, fsr0l, fsr0h, status,2, status,0, btemp+1, pclath, cstack
 Tracked objects:
		On entry : 
		On exit  : 
		Unchanged: 
 Data sizes:     COMMON   BANK0   BANK1   BANK3   BANK2
      Params:         0       0       0       0       0
      Locals:         4       0       0       0       0
      Temps:          2       0       0       0       0
      Totals:         6       0       0       0       0
Total ram usage:        6 bytes
 Hardware stack levels required when called:    1
 This function calls:
		_botao_init
		_contatores_init
		_delay
		_display7seg
		_display7seg_init
		_k1
		_k2
		_k3
		_s0
		_s1
 This function is called by:
		Startup code after reset
 This function uses a non-reentrant model


 *************** function _s1 *****************
 Defined at:
		line 13 in file "botoes.c"
 Parameters:    Size  Location     Type
		None
 Auto vars:     Size  Location     Type
		None
 Return value:  Size  Location     Type
                  2    0[COMMON] int 
 Registers used:
		wreg, status,2, status,0
 Tracked objects:
		On entry : 
		On exit  : 
		Unchanged: 
 Data sizes:     COMMON   BANK0   BANK1   BANK3   BANK2
      Params:         2       0       0       0       0
      Locals:         0       0       0       0       0
      Temps:          2       0       0       0       0
      Totals:         4       0       0       0       0
Total ram usage:        4 bytes
 Hardware stack levels used:    1
 This function calls:
		Nothing
 This function is called by:
		_main
 This function uses a non-reentrant model


 *************** function _s0 *****************
 Defined at:
		line 18 in file "botoes.c"
 Parameters:    Size  Location     Type
		None
 Auto vars:     Size  Location     Type
		None
 Return value:  Size  Location     Type
                  2    0[COMMON] int 
 Registers used:
		wreg, status,2, status,0
 Tracked objects:
		On entry : 
		On exit  : 
		Unchanged: 
 Data sizes:     COMMON   BANK0   BANK1   BANK3   BANK2
      Params:         2       0       0       0       0
      Locals:         0       0       0       0       0
      Temps:          2       0       0       0       0
      Totals:         4       0       0       0       0
Total ram usage:        4 bytes
 Hardware stack levels used:    1
 This function calls:
		Nothing
 This function is called by:
		_main
 This function uses a non-reentrant model


 *************** function _k3 *****************
 Defined at:
		line 31 in file "contatores.c"
 Parameters:    Size  Location     Type
  estado          2    0[COMMON] int 
 Auto vars:     Size  Location     Type
		None
 Return value:  Size  Location     Type
                  1    wreg      void 
 Registers used:
		wreg, status,0
 Tracked objects:
		On entry : 
		On exit  : 
		Unchanged: 
 Data sizes:     COMMON   BANK0   BANK1   BANK3   BANK2
      Params:         2       0       0       0       0
      Locals:         0       0       0       0       0
      Temps:          0       0       0       0       0
      Totals:         2       0       0       0       0
Total ram usage:        2 bytes
 Hardware stack levels used:    1
 This function calls:
		Nothing
 This function is called by:
		_main
 This function uses a non-reentrant model


 *************** function _k2 *****************
 Defined at:
		line 26 in file "contatores.c"
 Parameters:    Size  Location     Type
  estado          2    0[COMMON] int 
 Auto vars:     Size  Location     Type
		None
 Return value:  Size  Location     Type
                  1    wreg      void 
 Registers used:
		wreg, status,0
 Tracked objects:
		On entry : 
		On exit  : 
		Unchanged: 
 Data sizes:     COMMON   BANK0   BANK1   BANK3   BANK2
      Params:         2       0       0       0       0
      Locals:         0       0       0       0       0
      Temps:          0       0       0       0       0
      Totals:         2       0       0       0       0
Total ram usage:        2 bytes
 Hardware stack levels used:    1
 This function calls:
		Nothing
 This function is called by:
		_main
 This function uses a non-reentrant model


 *************** function _k1 *****************
 Defined at:
		line 21 in file "contatores.c"
 Parameters:    Size  Location     Type
  estado          2    0[COMMON] int 
 Auto vars:     Size  Location     Type
		None
 Return value:  Size  Location     Type
                  1    wreg      void 
 Registers used:
		wreg, status,0
 Tracked objects:
		On entry : 
		On exit  : 
		Unchanged: 
 Data sizes:     COMMON   BANK0   BANK1   BANK3   BANK2
      Params:         2       0       0       0       0
      Locals:         0       0       0       0       0
      Temps:          0       0       0       0       0
      Totals:         2       0       0       0       0
Total ram usage:        2 bytes
 Hardware stack levels used:    1
 This function calls:
		Nothing
 This function is called by:
		_main
 This function uses a non-reentrant model


 *************** function _display7seg_init *****************
 Defined at:
		line 12 in file "disp7seg.c"
 Parameters:    Size  Location     Type
		None
 Auto vars:     Size  Location     Type
		None
 Return value:  Size  Location     Type
                  1    wreg      void 
 Registers used:
		status,2
 Tracked objects:
		On entry : 
		On exit  : 
		Unchanged: 
 Data sizes:     COMMON   BANK0   BANK1   BANK3   BANK2
      Params:         0       0       0       0       0
      Locals:         0       0       0       0       0
      Temps:          0       0       0       0       0
      Totals:         0       0       0       0       0
Total ram usage:        0 bytes
 Hardware stack levels used:    1
 This function calls:
		Nothing
 This function is called by:
		_main
 This function uses a non-reentrant model


 *************** function _display7seg *****************
 Defined at:
		line 19 in file "disp7seg.c"
 Parameters:    Size  Location     Type
  c               2    0[COMMON] int 
 Auto vars:     Size  Location     Type
		None
 Return value:  Size  Location     Type
                  1    wreg      void 
 Registers used:
		wreg, fsr0l, fsr0h, status,2, status,0
 Tracked objects:
		On entry : 
		On exit  : 
		Unchanged: 
 Data sizes:     COMMON   BANK0   BANK1   BANK3   BANK2
      Params:         2       0       0       0       0
      Locals:         0       0       0       0       0
      Temps:          0       0       0       0       0
      Totals:         2       0       0       0       0
Total ram usage:        2 bytes
 Hardware stack levels used:    1
 This function calls:
		Nothing
 This function is called by:
		_main
 This function uses a non-reentrant model


 *************** function _delay *****************
 Defined at:
		line 12 in file "delay.c"
 Parameters:    Size  Location     Type
  t               2    0[COMMON] unsigned int 
 Auto vars:     Size  Location     Type
		None
 Return value:  Size  Location     Type
                  1    wreg      void 
 Registers used:
		wreg, status,2, status,0
 Tracked objects:
		On entry : 
		On exit  : 
		Unchanged: 
 Data sizes:     COMMON   BANK0   BANK1   BANK3   BANK2
      Params:         2       0       0       0       0
      Locals:         0       0       0       0       0
      Temps:          1       0       0       0       0
      Totals:         3       0       0       0       0
Total ram usage:        3 bytes
 Hardware stack levels used:    1
 This function calls:
		Nothing
 This function is called by:
		_main
 This function uses a non-reentrant model


 *************** function _contatores_init *****************
 Defined at:
		line 11 in file "contatores.c"
 Parameters:    Size  Location     Type
		None
 Auto vars:     Size  Location     Type
		None
 Return value:  Size  Location     Type
                  1    wreg      void 
 Registers used:
		None
 Tracked objects:
		On entry : 
		On exit  : 
		Unchanged: 
 Data sizes:     COMMON   BANK0   BANK1   BANK3   BANK2
      Params:         0       0       0       0       0
      Locals:         0       0       0       0       0
      Temps:          0       0       0       0       0
      Totals:         0       0       0       0       0
Total ram usage:        0 bytes
 Hardware stack levels used:    1
 This function calls:
		Nothing
 This function is called by:
		_main
 This function uses a non-reentrant model


 *************** function _botao_init *****************
 Defined at:
		line 8 in file "botoes.c"
 Parameters:    Size  Location     Type
		None
 Auto vars:     Size  Location     Type
		None
 Return value:  Size  Location     Type
                  1    wreg      void 
 Registers used:
		None
 Tracked objects:
		On entry : 
		On exit  : 
		Unchanged: 
 Data sizes:     COMMON   BANK0   BANK1   BANK3   BANK2
      Params:         0       0       0       0       0
      Locals:         0       0       0       0       0
      Temps:          0       0       0       0       0
      Totals:         0       0       0       0       0
Total ram usage:        0 bytes
 Hardware stack levels used:    1
 This function calls:
		Nothing
 This function is called by:
		_main
 This function uses a non-reentrant model



MODULE INFORMATION

Module		Function		Class		Link	Load	Size
delay.c
		_delay         		CODE           	06AD	0000	24

delay.c estimated size: 24

botoes.c
		_s0            		CODE           	0672	0000	13
		_s1            		CODE           	067E	0000	13
		_botao_init    		CODE           	0637	0000	6

botoes.c estimated size: 32

contatores.c
		_k1            		CODE           	063C	0000	9
		_k2            		CODE           	0644	0000	9
		_k3            		CODE           	064C	0000	9
		_contatores_init		CODE           	0667	0000	12

contatores.c estimated size: 39

shared
		__initialization		CODE           	07EE	0000	15

shared estimated size: 15

disp7seg.c
		_display7seg   		CODE           	0654	0000	10
		_display7seg_init		CODE           	065D	0000	11

disp7seg.c estimated size: 21

main.c
		_main          		CODE           	06C4	0000	299

main.c estimated size: 299

